// Vitest Snapshot v1, https://vitest.dev/guide/snapshot.html

exports[`agentToolCatalog contract > pins the unreachable set so a reachability change is a deliberate edit (#3300) 1`] = `
[
  "acknowledge_network_device",
  "assign_security_training",
  "collect_evidence",
  "configure_backup_sla",
  "configure_network_baseline",
  "configure_vault",
  "create_incident",
  "create_remote_session",
  "diagnostic_list_directory",
  "diagnostic_read_file",
  "execute_containment",
  "execute_dr_plan",
  "get_sensitive_data_overview",
  "get_user_risk_detail",
  "get_user_risk_scores",
  "instant_boot_vm",
  "list_diagnostic_access_grants",
  "m365_query_signins",
  "m365_query_users",
  "manage_ai_agents",
  "manage_backup_profiles",
  "manage_browser_policy",
  "manage_catalog",
  "manage_dr_plan",
  "manage_hyperv_checkpoints",
  "manage_hyperv_vm",
  "manage_notification_channels",
  "manage_peripheral_policy",
  "manage_processes",
  "manage_quotes",
  "manage_saved_filters",
  "manage_scheduled_tasks",
  "manage_software_policy",
  "manage_tags",
  "manage_tickets",
  "query_c2c_jobs",
  "registry_operations",
  "remediate_sensitive_data",
  "remediate_software_violation",
  "request_diagnostic_access",
  "request_elevation",
  "restore_as_vm",
  "restore_c2c_items",
  "restore_hyperv_vm",
  "restore_mssql_database",
  "restore_snapshot",
  "revoke_diagnostic_access",
  "revoke_elevation",
  "search_c2c_items",
  "test_webhook",
  "trigger_agent_restart",
  "trigger_agent_upgrade",
  "trigger_backup",
  "trigger_c2c_sync",
  "trigger_hyperv_backup",
  "trigger_mssql_backup",
  "trigger_vault_sync",
  "verify_mssql_backup",
]
`;
